--- Startup times for process: Primary/TUI ---

times in msec
 clock   self+sourced   self:  sourced script
 clock   elapsed:              other lines

000.001  000.001: --- NVIM STARTING ---
000.247  000.246: event init
000.406  000.159: early init
000.471  000.065: locale set
000.560  000.089: init first window
001.133  000.574: inits 1
001.145  000.012: window checked
001.149  000.004: parsing arguments
002.145  000.082  000.082: require('vim.shared')
002.305  000.081  000.081: require('vim.inspect')
002.408  000.077  000.077: require('vim._options')
002.411  000.261  000.103: require('vim._editor')
002.414  000.390  000.047: require('vim._init_packages')
002.418  000.879: init lua interpreter
004.099  001.682: --- NVIM STARTED ---

--- Startup times for process: Embedded ---

times in msec
 clock   self+sourced   self:  sourced script
 clock   elapsed:              other lines

000.001  000.001: --- NVIM STARTING ---
000.270  000.269: event init
000.436  000.167: early init
000.530  000.094: locale set
000.595  000.066: init first window
001.110  000.514: inits 1
001.129  000.019: window checked
001.133  000.004: parsing arguments
002.120  000.095  000.095: require('vim.shared')
002.285  000.081  000.081: require('vim.inspect')
002.389  000.078  000.078: require('vim._options')
002.392  000.265  000.106: require('vim._editor')
002.395  000.406  000.046: require('vim._init_packages')
002.398  000.859: init lua interpreter
002.503  000.105: expanding arguments
002.532  000.029: inits 2
003.085  000.553: init highlight
003.086  000.002: waiting for UI
003.304  000.218: done waiting for UI
003.315  000.011: clear screen
003.438  000.020  000.020: require('vim.keymap')
004.647  001.328  001.309: require('vim._defaults')
004.652  000.010: init default mappings & autocommands
005.425  000.091  000.091: sourcing /usr/share/nvim/runtime/ftplugin.vim
005.510  000.045  000.045: sourcing /usr/share/nvim/runtime/indent.vim
005.726  000.149  000.149: sourcing /usr/share/nvim/archlinux.lua
005.731  000.179  000.030: sourcing /etc/xdg/nvim/sysinit.vim
006.927  001.116  001.116: require('options')
007.242  000.311  000.311: require('lazy-installer')
008.199  000.953  000.953: require('lazy')
008.250  000.027  000.027: require('ffi')
008.341  000.045  000.045: require('vim.fs')
008.542  000.191  000.191: require('vim.uri')
008.565  000.311  000.074: require('vim.loader')
009.081  000.486  000.486: require('lazy.stats')
009.385  000.216  000.216: require('lazy.core.util')
009.697  000.309  000.309: require('lazy.core.config')
010.126  000.239  000.239: require('lazy.core.handler')
010.785  000.174  000.174: require('lazy.pkg')
010.796  000.456  000.282: require('lazy.core.meta')
010.812  000.681  000.225: require('lazy.core.plugin')
010.831  001.131  000.211: require('lazy.core.loader')
011.778  000.436  000.436: require('lazy.core.fragments')
016.561  000.156  000.156: require('lazy.core.handler.event')
016.572  000.321  000.165: require('lazy.core.handler.ft')
016.693  000.112  000.112: require('lazy.core.handler.cmd')
016.827  000.129  000.129: require('lazy.core.handler.keys')
019.006  000.438  000.438: sourcing /usr/share/nvim/runtime/filetype.lua
020.683  000.058  000.058: sourcing /home/ian/.local/share/nvim/lazy/plenary.nvim/plugin/plenary.vim
022.127  000.125  000.125: require('harpoon.utils')
022.138  001.055  000.930: require('harpoon.logger')
022.341  000.055  000.055: require('harpoon.autocmd')
022.347  000.128  000.072: require('harpoon.buffer')
022.519  000.169  000.169: require('harpoon.extensions')
022.526  000.386  000.089: require('harpoon.ui')
022.935  000.065  000.065: require('plenary.bit')
023.075  000.137  000.137: require('plenary.functional')
023.174  000.509  000.308: require('plenary.path')
023.196  000.667  000.158: require('harpoon.data')
023.276  000.078  000.078: require('harpoon.config')
023.380  000.102  000.102: require('harpoon.list')
032.334  013.256  010.911: require('harpoon')
033.431  000.867  000.867: require('nvim-surround')
033.824  000.386  000.386: require('nvim-surround.config')
033.885  000.056  000.056: require('nvim-surround.input')
034.907  000.124  000.124: require('nvim-surround.buffer')
037.956  000.335  000.335: require('ibl.utils')
037.980  000.514  000.179: require('ibl.config')
038.256  000.126  000.126: require('ibl.indent')
038.269  000.286  000.159: require('ibl.hooks')
038.276  001.022  000.223: require('ibl.highlights')
038.385  000.106  000.106: require('ibl.autocmds')
038.897  000.509  000.509: require('ibl.inlay_hints')
039.117  000.217  000.217: require('ibl.virt_text')
039.926  000.547  000.547: require('ibl.scope_languages')
039.932  000.812  000.265: require('ibl.scope')
039.945  003.256  000.589: require('ibl')
040.158  000.172  000.172: require('vim.iter')
040.715  000.190  000.190: require('vim.lsp.log')
041.345  000.624  000.624: require('vim.lsp.protocol')
041.868  000.259  000.259: require('vim.lsp._snippet_grammar')
041.967  000.094  000.094: require('vim.highlight')
041.980  000.009  000.009: require('vim.F')
042.007  000.657  000.295: require('vim.lsp.util')
042.159  000.074  000.074: require('vim.lsp.sync')
042.167  000.155  000.081: require('vim.lsp._changetracking')
042.327  000.155  000.155: require('vim.lsp.rpc')
042.566  002.254  000.473: require('vim.lsp')
042.762  000.192  000.192: require('vim.lsp.handlers')
043.204  008.267  002.393: require('ibl')
044.597  000.077  000.077: sourcing /home/ian/.local/share/nvim/lazy/nvim-web-devicons/plugin/nvim-web-devicons.vim
044.823  001.369  001.292: require('trouble')
045.263  000.435  000.435: require('trouble.config')
045.750  000.202  000.202: require('trouble.util')
045.764  000.354  000.153: require('trouble.config.highlights')
046.558  000.107  000.107: require('trouble.cache')
046.737  000.174  000.174: require('trouble.format')
046.902  000.163  000.163: require('trouble.view.indent')
047.035  000.130  000.130: require('trouble.view.text')
047.045  000.737  000.164: require('trouble.view.render')
047.051  000.850  000.112: require('trouble.view.preview')
047.056  000.976  000.126: require('trouble.view.main')
047.750  000.049  000.049: sourcing /home/ian/.local/share/nvim/lazy/todo-comments.nvim/plugin/todo.vim
048.439  000.126  000.126: require('todo-comments.util')
048.466  000.585  000.459: require('todo-comments.config')
048.752  000.195  000.195: require('todo-comments.highlight')
048.762  000.293  000.098: require('todo-comments.jump')
048.767  001.578  000.651: require('todo-comments')
051.197  001.429  001.429: require('nvim-tree.log')
051.621  000.066  000.066: require('nvim-tree.notify')
051.631  000.201  000.134: require('nvim-tree.events')
051.799  000.056  000.056: require('nvim-tree.iterators.node-iterator')
051.860  000.226  000.170: require('nvim-tree.utils')
051.887  000.681  000.255: require('nvim-tree.view')
052.196  000.051  000.051: require('nvim-tree.core')
052.331  000.065  000.065: require('nvim-tree.git.utils')
052.387  000.053  000.053: require('nvim-tree.renderer.components.devicons')
052.504  000.058  000.058: require('nvim-tree.classic')
052.514  000.124  000.067: require('nvim-tree.node')
052.527  000.328  000.086: require('nvim-tree.node.directory')
052.531  000.479  000.099: require('nvim-tree.actions.finders.find-file')
052.592  000.058  000.058: require('nvim-tree.actions.finders.search-node')
052.595  000.647  000.110: require('nvim-tree.actions.finders')
052.763  000.064  000.064: require('nvim-tree.node.file')
052.767  000.119  000.055: require('nvim-tree.actions.fs.create-file')
052.906  000.072  000.072: require('nvim-tree.lib')
053.082  000.128  000.128: require('nvim-tree.node.link')
053.222  000.314  000.186: require('nvim-tree.node.directory-link')
053.229  000.459  000.073: require('nvim-tree.actions.fs.remove-file')
053.303  000.071  000.071: require('nvim-tree.actions.fs.rename-file')
053.403  000.097  000.097: require('nvim-tree.actions.fs.trash')
053.406  000.809  000.063: require('nvim-tree.actions.fs')
053.567  000.060  000.060: require('nvim-tree.diagnostics')
053.572  000.115  000.055: require('nvim-tree.actions.moves.item')
053.628  000.054  000.054: require('nvim-tree.actions.moves.parent')
053.674  000.044  000.044: require('nvim-tree.actions.moves.sibling')
053.677  000.268  000.055: require('nvim-tree.actions.moves')
053.776  000.051  000.051: require('nvim-tree.actions.node.file-popup')
053.859  000.081  000.081: require('nvim-tree.actions.node.open-file')
053.907  000.046  000.046: require('nvim-tree.actions.node.run-command')
054.022  000.113  000.113: require('nvim-tree.actions.node.system-open')
054.026  000.347  000.057: require('nvim-tree.actions.node')
054.267  000.089  000.089: require('nvim-tree.actions.root.change-dir')
054.324  000.048  000.048: require('nvim-tree.actions.root.dir-up')
054.328  000.299  000.162: require('nvim-tree.actions.root')
054.429  000.049  000.049: require('nvim-tree.actions.tree.find-file')
054.566  000.048  000.048: require('nvim-tree.actions.tree.modifiers.collapse-all')
054.617  000.048  000.048: require('nvim-tree.actions.tree.modifiers.expand-all')
054.620  000.148  000.052: require('nvim-tree.actions.tree.modifiers')
054.667  000.045  000.045: require('nvim-tree.actions.tree.open')
054.712  000.043  000.043: require('nvim-tree.actions.tree.toggle')
054.756  000.042  000.042: require('nvim-tree.actions.tree.resize')
054.759  000.429  000.102: require('nvim-tree.actions.tree')
054.762  002.872  000.073: require('nvim-tree.actions')
055.224  000.449  000.449: require('vim.diagnostic')
055.276  006.456  001.024: require('nvim-tree')
055.385  000.088  000.088: require('nvim-tree.legacy')
056.184  000.151  000.151: require('nvim-tree.keymap')
056.354  000.164  000.164: require('nvim-tree.appearance')
057.160  000.088  000.088: require('nvim-tree.buffers')
057.415  000.150  000.150: require('nvim-tree.git.runner')
057.564  000.145  000.145: require('nvim-tree.watcher')
057.579  000.414  000.119: require('nvim-tree.git')
057.777  000.110  000.110: require('nvim-tree.node.file-link')
057.781  000.199  000.089: require('nvim-tree.node.factory')
057.873  000.089  000.089: require('nvim-tree.node.root')
058.075  000.086  000.086: require('nvim-tree.enum')
058.089  000.213  000.127: require('nvim-tree.explorer.filters')
058.269  000.178  000.178: require('nvim-tree.marks')
058.419  000.147  000.147: require('nvim-tree.explorer.live-filter')
058.649  000.228  000.228: require('nvim-tree.explorer.sorter')
058.932  000.280  000.280: require('nvim-tree.actions.fs.clipboard')
059.467  000.117  000.117: require('nvim-tree.renderer.decorator')
059.526  000.294  000.177: require('nvim-tree.renderer.decorator.bookmarks')
059.617  000.089  000.089: require('nvim-tree.renderer.decorator.copied')
059.693  000.073  000.073: require('nvim-tree.renderer.decorator.cut')
059.800  000.105  000.105: require('nvim-tree.renderer.decorator.diagnostics')
059.948  000.146  000.146: require('nvim-tree.renderer.decorator.git')
060.050  000.099  000.099: require('nvim-tree.renderer.decorator.hidden')
060.206  000.153  000.153: require('nvim-tree.renderer.decorator.modified')
060.298  000.090  000.090: require('nvim-tree.renderer.decorator.opened')
060.462  000.161  000.161: require('nvim-tree.renderer.decorator.user')
060.572  000.108  000.108: require('nvim-tree.renderer.components.padding')
060.592  001.530  000.212: require('nvim-tree.renderer.builder')
060.606  001.671  000.142: require('nvim-tree.renderer')
060.632  003.725  000.219: require('nvim-tree.explorer')
060.808  000.172  000.172: require('nvim-tree.explorer.watch')
061.022  000.105  000.105: require('nvim-tree.renderer.components.full-name')
061.028  000.207  000.102: require('nvim-tree.renderer.components')
064.550  002.766  002.766: require('nvim-web-devicons.icons-default')
064.952  003.920  001.154: require('nvim-web-devicons')
070.660  000.144  000.144: require('nvim-tree.help')
070.834  000.069  000.069: require('nvim-tree.appearance.hi-test')
070.900  000.232  000.163: require('nvim-tree.api')
071.033  000.077  000.077: require('nvim-tree.commands')
072.075  000.297  000.297: require('bufferline.lazy')
072.201  000.115  000.115: require('bufferline.commands')
072.356  000.146  000.146: require('bufferline.config')
072.363  001.141  000.582: require('bufferline')
072.719  000.102  000.102: require('bufferline.utils')
072.723  000.249  000.147: require('bufferline.groups')
072.811  000.058  000.058: require('bufferline.constants')
072.870  000.054  000.054: require('bufferline.colors')
073.373  000.103  000.103: require('bufferline.highlights')
074.608  000.082  000.082: require('vim.version')
076.878  002.444  002.363: require('bufferline.hover')
077.344  000.178  000.178: require('bufferline.ui')
078.317  000.090  000.090: require('lualine_require')
078.890  001.134  001.044: require('lualine')
080.579  000.164  000.164: require('lualine.highlight')
084.202  000.129  000.129: require('tabnine.config')
084.313  000.103  000.103: require('tabnine.consts')
084.465  000.148  000.148: require('tabnine.state')
084.793  000.211  000.211: require('tabnine.third_party.semver.semver')
084.941  000.144  000.144: require('tabnine.utils')
084.966  000.497  000.143: require('tabnine.binary')
084.975  001.046  000.168: require('tabnine.completion')
084.979  001.121  000.075: require('tabnine.auto_commands')
085.636  000.242  000.242: require('tabnine.chat.binary')
085.765  000.124  000.124: require('tabnine.lsp')
085.790  000.611  000.245: require('tabnine.chat')
085.906  000.113  000.113: require('tabnine.chat.codelens')
085.910  000.847  000.123: require('tabnine.chat.auto_commands')
085.992  000.080  000.080: require('tabnine.features')
086.071  000.075  000.075: require('tabnine.chat.user_commands')
086.074  001.092  000.090: require('tabnine.chat.setup')
086.178  000.101  000.101: require('tabnine.keymaps')
086.297  000.116  000.116: require('tabnine.status')
086.402  000.103  000.103: require('tabnine.user_commands')
086.491  000.087  000.087: require('tabnine.workspace')
086.496  003.058  000.438: require('tabnine')
091.191  008.414  005.357: require('lualine.components.tabnine')
107.441  000.473  000.473: require('lazy.status')
110.408  000.409  000.409: sourcing /home/ian/.local/share/nvim/lazy/undotree/plugin/undotree.vim
112.096  000.941  000.941: require('beacon')
113.950  000.148  000.148: require('vim.ui')
113.972  000.400  000.252: require('dressing.patch')
113.979  001.020  000.621: require('dressing')
114.022  001.139  000.119: sourcing /home/ian/.local/share/nvim/lazy/dressing.nvim/plugin/dressing.lua
115.016  000.827  000.827: require('dressing.config')
116.642  000.089  000.089: require('gitsigns.async')
116.742  000.091  000.091: require('gitsigns.debug.log')
116.968  000.224  000.224: require('gitsigns.config')
116.977  001.059  000.655: require('gitsigns')
117.300  000.155  000.155: require('gitsigns.highlight')
118.266  000.095  000.095: require('gitsigns.debounce')
118.847  000.372  000.372: sourcing /home/ian/.local/share/nvim/lazy/telescope.nvim/plugin/telescope.lua
119.672  000.075  000.075: require('telescope._extensions')
119.681  000.709  000.634: require('telescope')
119.966  000.112  000.112: require('plenary.strings')
120.023  000.054  000.054: require('telescope.deprecated')
120.441  000.241  000.241: require('plenary.log')
120.478  000.330  000.089: require('telescope.log')
120.798  000.056  000.056: require('plenary.compat')
120.812  000.183  000.126: require('plenary.job')
120.866  000.051  000.051: require('telescope.state')
120.896  000.415  000.182: require('telescope.utils')
120.908  000.882  000.136: require('telescope.sorters')
123.799  004.113  003.066: require('telescope.config')
126.264  000.254  000.254: sourcing /home/ian/.local/share/nvim/lazy/nvim-dap/plugin/dap.lua
127.815  000.075  000.075: require('Comment.config')
128.054  000.147  000.147: require('Comment.ft')
128.066  000.243  000.096: require('Comment.utils')
128.153  000.084  000.084: require('Comment.opfunc')
128.215  000.059  000.059: require('Comment.extra')
128.221  001.006  000.546: require('Comment.api')
128.351  001.218  000.212: sourcing /home/ian/.local/share/nvim/lazy/Comment.nvim/plugin/Comment.lua
128.529  000.063  000.063: require('Comment')
129.123  000.090  000.090: sourcing /home/ian/.local/share/nvim/lazy/github-nvim-theme/plugin/github_theme.lua
130.014  000.062  000.062: require('mason-core.path')
130.317  000.150  000.150: require('mason-core.functional')
130.457  000.050  000.050: require('mason-core.functional.data')
130.468  000.128  000.078: require('mason-core.functional.function')
130.562  000.062  000.062: require('mason-core.functional.relation')
130.627  000.051  000.051: require('mason-core.functional.logic')
130.646  000.627  000.236: require('mason-core.platform')
130.727  000.079  000.079: require('mason.settings')
130.732  001.201  000.433: require('mason')
130.931  000.067  000.067: require('mason-core.functional.list')
130.990  000.054  000.054: require('mason-core.functional.string')
131.064  000.302  000.181: require('mason.api.command')
131.249  000.099  000.099: require('mason-registry.sources')
132.241  000.191  000.191: require('mason-core.log')
132.307  000.061  000.061: require('mason-lspconfig.settings')
132.313  000.910  000.659: require('mason-lspconfig')
132.552  000.053  000.053: require('mason-lspconfig.notify')
132.560  000.133  000.080: require('mason-lspconfig.lspconfig_hook')
134.439  000.774  000.774: require('lspconfig.util')
134.483  000.933  000.159: sourcing /home/ian/.local/share/nvim/lazy/nvim-lspconfig/plugin/lspconfig.lua
135.195  000.222  000.222: sourcing /home/ian/.local/share/nvim/lazy/lsp-zero.nvim/plugin/lsp-zero.lua
135.384  000.844  000.622: require('lsp-zero')
135.606  000.085  000.085: require('cmp_nvim_lsp.source')
135.612  000.224  000.139: require('cmp_nvim_lsp')
136.350  000.728  000.728: require('lsp-zero.server')
136.559  000.068  000.068: require('lspconfig.async')
136.567  000.195  000.127: require('lspconfig.configs')
136.760  004.197  001.273: require('lspconfig.util')
137.042  000.079  000.079: require('mason-core.functional.table')
137.148  000.385  000.306: require('mason-lspconfig.mappings.server')
137.396  000.145  000.145: require('mason-core.EventEmitter')
137.523  000.124  000.124: require('mason-core.optional')
137.825  000.176  000.176: require('mason-core.async')
137.921  000.090  000.090: require('mason-core.async.uv')
137.936  000.411  000.145: require('mason-core.fs')
138.007  000.856  000.176: require('mason-registry')
138.123  000.108  000.108: require('mason-lspconfig.server_config_extensions')
138.315  000.188  000.188: require('lspconfig.configs.omnisharp')
138.507  000.117  000.117: require('mason-lspconfig.ensure_installed')
138.840  000.184  000.184: require('mason-core.result')
139.509  000.436  000.436: require('mason-core.process')
139.896  000.383  000.383: require('mason-core.spawn')
139.905  000.940  000.121: require('mason-core.managers.powershell')
139.996  000.088  000.088: require('mason.version')
140.002  001.159  000.132: require('mason-core.fetch')
140.190  000.184  000.184: require('mason-core.providers')
140.975  000.406  000.406: require('mason-core.purl')
141.020  000.666  000.260: require('mason-core.package')
141.611  000.199  000.199: require('mason-core.installer.registry.expr')
141.635  000.421  000.223: require('mason-core.installer.registry.link')
142.668  000.234  000.234: require('mason-core.receipt')
142.859  000.637  000.403: require('mason-core.installer.context')
143.025  000.162  000.162: require('mason-core.async.control')
143.231  000.203  000.203: require('mason-core.installer.linker')
143.248  001.309  000.307: require('mason-core.installer')
143.302  001.527  000.217: require('mason-core.installer.managers.std')
143.309  001.672  000.145: require('mason-core.installer.registry.schemas')
143.426  000.114  000.114: require('mason-core.installer.registry.util')
143.464  002.440  000.233: require('mason-core.installer.registry')
143.473  003.274  000.167: require('mason-registry.sources.util')
143.500  004.979  000.177: require('mason-registry.sources.github')
144.669  000.139  000.139: require('mason-core.functional.number')
144.736  000.389  000.249: require('mason-lspconfig.api.command')
145.460  000.261  000.261: require('lspconfig')
145.590  000.120  000.120: require('lspconfig.configs.typos_lsp')
146.587  000.188  000.188: require('lspconfig.manager')
146.706  000.098  000.098: require('lspconfig.configs.lemminx')
147.407  000.131  000.131: require('lspconfig.configs.biome')
147.969  000.104  000.104: require('lspconfig.configs.pylsp')
148.246  000.188  000.188: require('mason-lspconfig.server_configurations.pylsp')
148.482  000.125  000.125: require('lspconfig.configs.bashls')
150.148  000.420  000.420: require('lspconfig.configs.emmet_ls')
152.455  000.406  000.406: require('lspconfig.configs.vtsls')
153.939  000.388  000.388: require('lspconfig.configs.somesass_ls')
155.455  000.450  000.450: require('lspconfig.configs.cssls')
157.411  000.471  000.471: require('lspconfig.configs.ast_grep')
158.787  000.330  000.330: require('lspconfig.configs.jsonls')
160.261  000.415  000.415: require('lspconfig.configs.angularls')
160.534  000.140  000.140: require('mason-lspconfig.server_configurations.angularls')
160.866  000.093  000.093: require('lspconfig.configs.ruff')
161.499  000.170  000.170: require('lspconfig.configs.jdtls')
161.962  000.096  000.096: require('lspconfig.configs.clangd')
162.544  000.096  000.096: require('lspconfig.configs.lua_ls')
162.940  000.090  000.090: require('lspconfig.configs.html')
163.935  000.113  000.113: sourcing /usr/share/nvim/runtime/plugin/editorconfig.lua
164.357  000.381  000.381: sourcing /usr/share/nvim/runtime/plugin/gzip.vim
164.511  000.112  000.112: sourcing /usr/share/nvim/runtime/plugin/man.lua
165.874  000.399  000.399: sourcing /usr/share/nvim/runtime/pack/dist/opt/matchit/plugin/matchit.vim
165.913  001.369  000.970: sourcing /usr/share/nvim/runtime/plugin/matchit.vim
166.234  000.278  000.278: sourcing /usr/share/nvim/runtime/plugin/matchparen.vim
166.826  000.557  000.557: sourcing /usr/share/nvim/runtime/plugin/netrwPlugin.vim
166.996  000.118  000.118: sourcing /usr/share/nvim/runtime/plugin/osc52.lua
167.346  000.305  000.305: sourcing /usr/share/nvim/runtime/plugin/rplugin.vim
167.506  000.114  000.114: sourcing /usr/share/nvim/runtime/plugin/shada.vim
167.640  000.029  000.029: sourcing /usr/share/nvim/runtime/plugin/spellfile.vim
167.837  000.157  000.157: sourcing /usr/share/nvim/runtime/plugin/tarPlugin.vim
167.975  000.095  000.095: sourcing /usr/share/nvim/runtime/plugin/tohtml.lua
168.048  000.028  000.028: sourcing /usr/share/nvim/runtime/plugin/tutor.vim
168.384  000.296  000.296: sourcing /usr/share/nvim/runtime/plugin/zipPlugin.vim
169.064  000.099  000.099: sourcing /home/ian/.local/share/nvim/lazy/cmp-nvim-lsp/after/plugin/cmp_nvim_lsp.lua
169.282  000.105  000.105: sourcing /home/ian/.local/share/nvim/lazy/indent-blankline.nvim/after/plugin/commands.lua
170.454  001.080  001.080: require('keymaps')
172.719  000.233  000.233: require('catppuccin')
172.875  000.078  000.078: require('catppuccin.lib.hashing')
177.739  005.291  004.980: sourcing /home/ian/.local/share/nvim/lazy/nvim/colors/catppuccin-latte.vim
182.227  000.149  000.149: require('catppuccin.utils.lualine')
182.303  000.068  000.068: require('catppuccin.palettes')
182.367  000.059  000.059: require('catppuccin.palettes.latte')
187.532  017.071  011.504: require('colors')
187.972  000.431  000.431: require('lspconfigs')
188.210  000.232  000.232: require('functions')
188.215  182.449  065.682: sourcing /home/ian/.config/nvim/init.lua
188.226  000.809: sourcing vimrc file(s)
188.665  000.065  000.065: sourcing /usr/share/nvim/runtime/filetype.lua
189.179  000.168  000.168: sourcing /usr/share/nvim/runtime/syntax/synload.vim
189.430  000.657  000.489: sourcing /usr/share/nvim/runtime/syntax/syntax.vim
189.450  000.502: inits 3
197.128  007.677: reading ShaDa
197.428  000.300: opening buffers
197.734  000.140  000.140: require('bufferline.state')
197.904  000.337: BufEnter autocommands
197.909  000.005: editing files in windows
198.030  000.121: VimEnter autocommands
198.093  000.062: UIEnter autocommands
198.096  000.003: before starting main loop
198.567  000.471: first screen update
198.570  000.002: --- NVIM STARTED ---

